============================================================
   MINISHELL TEST REPORT
============================================================

Passed: 191
Segfaults: 0
Crashes: 0
Timeouts: 1
Leaks: 0
Errors: 0


============================================================
TIMEOUTS
============================================================

Nome: ctrl_c_simulation
Categoria: signals
Input: 'sleep 100'
